// Jest Snapshot v1, https://goo.gl/fbAQLP

exports[`should render LogoutButton component 1`] = `ShallowWrapper {}`;
