// Jest Snapshot v1, https://goo.gl/fbAQLP

exports[`StarshipInfo component should render StarshipInfo component 1`] = `ShallowWrapper {}`;
