// Jest Snapshot v1, https://goo.gl/fbAQLP

exports[`StarshipDetailsPage component should render StarshipDetailsPage component 1`] = `ShallowWrapper {}`;
