// Jest Snapshot v1, https://goo.gl/fbAQLP

exports[`Charecter component should render Character component 1`] = `ShallowWrapper {}`;
