// Jest Snapshot v1, https://goo.gl/fbAQLP

exports[`should render Character component 1`] = `ShallowWrapper {}`;
