// Jest Snapshot v1, https://goo.gl/fbAQLP

exports[`LoginPage component should render LoginPage component 1`] = `ShallowWrapper {}`;
