// Jest Snapshot v1, https://goo.gl/fbAQLP

exports[`CharactersPage component should render CharactersPage component 1`] = `ShallowWrapper {}`;
