// Jest Snapshot v1, https://goo.gl/fbAQLP

exports[`Episode component should render Episode component 1`] = `ShallowWrapper {}`;
