// Jest Snapshot v1, https://goo.gl/fbAQLP

exports[`should render ProcessError component 1`] = `ShallowWrapper {}`;
