// Jest Snapshot v1, https://goo.gl/fbAQLP

exports[`should render Episode component 1`] = `ShallowWrapper {}`;
