// Jest Snapshot v1, https://goo.gl/fbAQLP

exports[`ChatacterDetaislPage component should render ChatacterDetaislPage component 1`] = `ShallowWrapper {}`;
