// Jest Snapshot v1, https://goo.gl/fbAQLP

exports[`Episode component should render Starchip component 1`] = `ShallowWrapper {}`;

exports[`should render Starchip component 1`] = `ShallowWrapper {}`;
