// Jest Snapshot v1, https://goo.gl/fbAQLP

exports[`should render Starchip component 1`] = `ShallowWrapper {}`;
