// Jest Snapshot v1, https://goo.gl/fbAQLP

exports[`ChatactersList component should render StarshipList component 1`] = `ShallowWrapper {}`;
