// Jest Snapshot v1, https://goo.gl/fbAQLP

exports[`EpisodeDetaislPage component should render EpisodeDetaislPage component 1`] = `ShallowWrapper {}`;
