// Jest Snapshot v1, https://goo.gl/fbAQLP

exports[`CharacterInfo component should render CharacterInfo component 1`] = `ShallowWrapper {}`;
